#-----------------------------------------------------------
# Vivado v2018.3 (64-bit)
# SW Build 2405991 on Thu Dec  6 23:38:27 MST 2018
# IP Build 2404404 on Fri Dec  7 01:43:56 MST 2018
# Start of session at: Tue May  7 11:33:10 2019
# Process ID: 12124
# Current directory: C:/Users/ThePhonkey/Desktop/ELO211/SESION5 OFFLINE
# Command line: vivado.exe -gui_launcher_event rodinguilauncherevent9532 C:\Users\ThePhonkey\Desktop\ELO211\SESION5 OFFLINE\SESION5 OFFLINE.xpr
# Log file: C:/Users/ThePhonkey/Desktop/ELO211/SESION5 OFFLINE/vivado.log
# Journal file: C:/Users/ThePhonkey/Desktop/ELO211/SESION5 OFFLINE\vivado.jou
#-----------------------------------------------------------
start_gui
open_project {C:/Users/ThePhonkey/Desktop/ELO211/SESION5 OFFLINE/SESION5 OFFLINE.xpr}
update_compile_order -fileset sources_1
reset_run synth_1
launch_runs synth_1 -jobs 4
wait_on_run synth_1
reset_run synth_1
launch_runs synth_1 -jobs 4
wait_on_run synth_1
launch_simulation
source SIMPRO.tcl
reset_run synth_1
launch_runs synth_1 -jobs 4
wait_on_run synth_1
close_sim
launch_simulation
source SIMPRO.tcl
reset_run synth_1
launch_runs synth_1 -jobs 4
wait_on_run synth_1
close_sim
launch_simulation
source SIMPRO.tcl
reset_run synth_1
launch_runs synth_1 -jobs 4
wait_on_run synth_1
close_sim
launch_simulation
source SIMPRO.tcl
reset_run synth_1
launch_runs synth_1 -jobs 4
wait_on_run synth_1
close_sim
launch_simulation
source SIMPRO.tcl
update_compile_order -fileset sources_1
reset_run synth_1
launch_runs synth_1 -jobs 4
wait_on_run synth_1
close_sim
launch_simulation
source SIMPRO.tcl
file mkdir C:/Users/ThePhonkey/Desktop/ELO211/SESION5 OFFLINE/SESION5 OFFLINE.srcs/constrs_1
file mkdir C:/Users/ThePhonkey/Desktop/ELO211/SESION5 OFFLINE/SESION5 OFFLINE.srcs/constrs_1
file mkdir C:/Users/ThePhonkey/Desktop/ELO211/SESION5 OFFLINE/SESION5 OFFLINE.srcs/constrs_1/new
file mkdir C:/Users/ThePhonkey/Desktop/ELO211/SESION5 OFFLINE/SESION5 OFFLINE.srcs/constrs_1/new
file mkdir C:/Users/ThePhonkey/Desktop/ELO211/SESION5 OFFLINE/SESION5 OFFLINE.srcs/constrs_1/new
file mkdir C:/Users/ThePhonkey/Desktop/ELO211/SESION5 OFFLINE/SESION5 OFFLINE.srcs/constrs_1/new
file mkdir C:/Users/ThePhonkey/Desktop/ELO211/SESION5 OFFLINE/SESION5 OFFLINE.srcs/constrs_1
file mkdir {C:/Users/ThePhonkey/Desktop/ELO211/SESION5 OFFLINE/SESION5 OFFLINE.srcs/constrs_1/new}
close [ open {C:/Users/ThePhonkey/Desktop/ELO211/SESION5 OFFLINE/SESION5 OFFLINE.srcs/constrs_1/new/Nexys4DDR.xdc} w ]
add_files -fileset constrs_1 {{C:/Users/ThePhonkey/Desktop/ELO211/SESION5 OFFLINE/SESION5 OFFLINE.srcs/constrs_1/new/Nexys4DDR.xdc}}
reset_run synth_1
launch_runs synth_1 -jobs 4
wait_on_run synth_1
close_sim
launch_simulation
source SIMPRO.tcl
reset_run synth_1
launch_runs synth_1 -jobs 4
wait_on_run synth_1
close_sim
launch_simulation
source SIMPRO.tcl
reset_run synth_1
launch_runs synth_1 -jobs 4
wait_on_run synth_1
close_sim
launch_simulation
source SIMPRO.tcl
launch_simulation -mode post-synthesis -type functional
source SIMPRO.tcl
synth_design -rtl -name rtl_1
refresh_design
refresh_design
close_sim
close_sim
